[clouddefiproject.io/assets/vendor/favsf9e3.png]
[backblue.gif]
[fade.gif]
[index.html]
[clouddefiproject.io/assets/vendor/metatag.png]
[ajax.googleapis.com/ajax/libs/jquery/3.6.3/jquery.min.js]
[clouddefiproject.io/assets/js/typesetup.js]
[cdnjs.cloudflare.com/ajax/libs/popper.js/1.12.9/umd/popper.min.js]
[maxcdn.bootstrapcdn.com/bootstrap/4.0.0/js/bootstrap.min.js]
[clouddefiproject.io/assets/vendor/clouddefi7839.png]
[clouddefiproject.io/litepaper.pdf]
[clouddefiproject.io/assets/vendor/playback.mp4]
[clouddefiproject.io/assets/vendor/1.png]
[clouddefiproject.io/assets/vendor/2.png]
[clouddefiproject.io/assets/vendor/3.png]
[clouddefiproject.io/assets/vendor/4.png]
[clouddefiproject.io/assets/vendor/5.png]
[www.livecoinwatch.com/static/lcw-widget.js]
[clouddefiproject.io/assets/js/isotope.pkgd.min.js]
[clouddefiproject.io/assets/js/imagesloaded.pkgd.min.js]
[unpkg.com/@lottiefiles/lottie-player@latest/dist/lottie-player.1d.delayed]
[clouddefiproject.io/assets/js/jquery.magnific-popup.min.js]
[unpkg.com/@lottiefiles/lottie-player@1.7.1/dist/lottie-player.js]
[clouddefiproject.io/assets/js/element-in-view.js]
[clouddefiproject.io/assets/js/slick.min.js]
[clouddefiproject.io/assets/js/ajax-form.js]
[clouddefiproject.io/assets/js/wow.min.js]
[clouddefiproject.io/assets/js/plugins.js]
[clouddefiproject.io/assets/js/main7839.js]
[www.gstatic.com/charts/loader.js]
[clouddefiproject.io/assets/js/highlight.min.js]
[clouddefiproject.io/assets/js/showdown.min.js]
[clouddefiproject.io/assets/js/index.js]
[clouddefiproject.io/index.html]
[clouddefiproject.io/assets/css/bootstrap.min.css]
[clouddefiproject.io/assets/css/animate.min.css]
[clouddefiproject.io/assets/css/magnific-popup.css]
[clouddefiproject.io/assets/fonts/fa-brands-400.eot]
[clouddefiproject.io/assets/fonts/fa-brands-400d41d.eot]
[clouddefiproject.io/assets/fonts/fa-brands-400.woff2]
[clouddefiproject.io/assets/fonts/fa-brands-400.woff]
[clouddefiproject.io/assets/fonts/fa-brands-400.ttf]
[clouddefiproject.io/assets/fonts/fa-light-300.eot]
[clouddefiproject.io/assets/fonts/fa-light-300d41d.eot]
[clouddefiproject.io/assets/fonts/fa-light-300.woff2]
[clouddefiproject.io/assets/fonts/fa-light-300.woff]
[clouddefiproject.io/assets/fonts/fa-light-300.ttf]
[clouddefiproject.io/assets/fonts/fa-regular-400.eot]
[clouddefiproject.io/assets/fonts/fa-regular-400d41d.eot]
[clouddefiproject.io/assets/fonts/fa-regular-400.woff2]
[clouddefiproject.io/assets/fonts/fa-regular-400.woff]
[clouddefiproject.io/assets/fonts/fa-regular-400.ttf]
[clouddefiproject.io/assets/fonts/fa-solid-900.eot]
[clouddefiproject.io/assets/fonts/fa-solid-900d41d.eot]
[clouddefiproject.io/assets/fonts/fa-solid-900.woff2]
[clouddefiproject.io/assets/fonts/fa-solid-900.woff]
[clouddefiproject.io/assets/fonts/fa-solid-900.ttf]
[clouddefiproject.io/assets/css/fontawesome-all.min.css]
[clouddefiproject.io/assets/css/slick.css]
[clouddefiproject.io/assets/css/timeline.css]
[clouddefiproject.io/assets/css/default.css]
[clouddefiproject.io/assets/css/style8c94.css]
[clouddefiproject.io/assets/css/chatg.css]
[clouddefiproject.io/assets/css/responsive.css]
[clouddefiproject.io/assets/stakinglive.png]
[clouddefiproject.io/assets/walletgenerator.png]
[clouddefiproject.io/assets/underdevelopment.png]
[clouddefiproject.io/portal/index.html]
[clouddefiproject.io/index-2.html]
[clouddefiproject.io/assets/vendor/clouddefif9e3.svg]
[clouddefiproject.io/assets/fonts/fa-brands-400.svg]
[clouddefiproject.io/assets/fonts/fa-light-300.svg]
[clouddefiproject.io/assets/fonts/fa-regular-400.svg]
[clouddefiproject.io/assets/fonts/fa-solid-900.svg]
[clouddefiproject.io/assets/img/bg/testimonial_bg.html]
[clouddefiproject.io/portal/index-2.html]
[clouddefiproject.io/portal/assets/js/isotope.pkgd.min.html]
[clouddefiproject.io/portal/assets/js/imagesloaded.pkgd.min.html]
[clouddefiproject.io/portal/assets/js/jquery.magnific-popup.min.html]
[clouddefiproject.io/portal/assets/js/element-in-view.html]
[clouddefiproject.io/portal/assets/js/slick.min.html]
[clouddefiproject.io/portal/assets/js/ajax-form.html]
[clouddefiproject.io/portal/assets/js/wow.min.html]
[clouddefiproject.io/portal/assets/js/plugins.html]
[clouddefiproject.io/portal/assets/js/main7839.html]
[clouddefiproject.io/portal/assets/js/highlight.min.html]
[clouddefiproject.io/portal/assets/js/showdown.min.html]
